// Jest Snapshot v1, https://goo.gl/fbAQLP

exports[`renders correctly 1`] = `
<div
  className="flex flex-col items-center justify-center"
>
  <h1
    className="text-6xl font-bold text-center"
  />
  <p
    className="text-xl text-center"
  />
</div>
`;
